cargo : warning: 
unexpected `cfg` condition 
value: `proptest`
At line:1 char:1
+ cargo test > 
test_output.txt 2>&1
+ ~~~~~~~~~~~~~~~~~~~~~~~~~
~~~~~~~~
    + CategoryInfo         
     : NotSpecified: (war  
  ning: unexpe...lue: `p   
 roptest`:String) [], R    
emoteException
    + FullyQualifiedErrorI 
   d : NativeCommandError
 
    --> 
src\filters\tree.rs:1391:11
     |
1391 |     #[cfg(feature = 
"proptest")]
     |           
^^^^^^^^^^^^^^^^^^^^
     |
     = note: expected 
values for `feature` are: 
`all-features`, 
`concurrent`, `default`, 
`metrics`, `rayon`, 
`serde`, `simd`, `trace`, 
`wyhash`, and `xxhash`
     = help: consider 
adding `proptest` as a 
feature in `Cargo.toml`
     = note: see <https://d
oc.rust-lang.org/nightly/ru
stc/check-cfg/cargo-specifi
cs.html> for more 
information about checking 
conditional configuration
     = note: 
`#[warn(unexpected_cfgs)]` 
on by default

warning: unused variable: 
`idx`
    --> src\filters\scalabl
e.rs:2996:14
     |
2996 |         for (idx, 
individual_fpr, 
contribution) in breakdown 
{
     |              ^^^ 
help: if this is 
intentional, prefix it 
with an underscore: `_idx`
     |
     = note: `#[warn(unused
_variables)]` (part of 
`#[warn(unused)]`) on by 
default

warning: `bloomcraft` (lib 
test) generated 2 warnings 
(run `cargo fix --lib -p 
bloomcraft --tests` to 
apply 1 suggestion)
    Finished `test` 
profile [unoptimized + 
debuginfo] target(s) in 
0.37s
     Running unittests 
src\lib.rs (target\debug\de
ps\bloomcraft-11c934caf81a0
722.exe)

running 536 tests
test builder::counting::tests::test_builder_invalid_fp_rate ... ok
test builder::counting::tests::test_builder_invalid_items ... ok
test builder::counting::tests::test_builder_invalid_max_count ... ok
test builder::counting::tests::test_counter_overflow_protection ... ok
test builder::counting::tests::test_filter_duplicate_insertions ... ok
test builder::counting::tests::test_filter_insert_delete ... ok
test builder::counting::tests::test_different_strategies ... ok
test builder::counting::tests::test_filter_insert_delete_integers ... ok
test builder::counting::tests::test_builder_with_metadata ... ok
test builder::counting::tests::test_builder_minimal ... ok
test builder::scalable::tests::test_builder_invalid_capacity ... ok
test builder::scalable::tests::test_builder_minimal ... ok
test builder::standard::tests::test_builder_invalid_fp_rate_zero ... ok
test builder::standard::tests::test_builder_invalid_items ... ok
test builder::counting::tests::test_builder_with_strategy ... ok
test builder::counting::tests::test_metadata_memory_calculations ... ok
test builder::standard::tests::test_builder_invalid_fp_rate_one ... ok
test builder::standard::tests::test_builder_invalid_fp_rate_too_large ... ok
test builder::counting::tests::test_builder_full_config ... ok
test builder::standard::tests::test_builder_invalid_fp_rate_negative ... ok
test builder::standard::tests::test_builder_minimal ... ok
test builder::standard::tests::test_builder_with_strategy ... ok
test builder::standard::tests::test_builder_with_metadata ... ok
test builder::counting::tests::test_builder_8bit_counters ... ok
test builder::standard::tests::test_filter_functionality_strings ... ok
test builder::standard::tests::test_builder_reusability ... ok
test builder::standard::tests::test_different_strategies ... ok
test builder::standard::tests::test_metadata_memory_calculations ... ok
test builder::standard::tests::test_filter_functionality_integers ... ok
test builder::counting::tests::test_max_count_before_fp_rate ... ok
test builder::tests::test_validate_items ... ok
test builder::standard::tests::test_small_filter ... ok
test builder::tests::test_validate_max_count ... ok
test builder::standard::tests::test_strategy_can_be_set_after_fp_rate ... ok
test builder::standard::tests::test_strategy_can_be_set_before_fp_rate ... ok
test builder::counting::tests::test_builder_with_max_count ... ok
test core::bitvec::tests::test_boundary_conditions ... ok
test builder::tests::test_validate_tightening_ratio ... ok
test builder::tests::test_validate_fp_rate ... ok
test builder::counting::tests::test_max_count_after_fp_rate ... ok
test core::bitvec::tests::test_count_ones ... ok
test builder::tests::test_validate_growth_factor ... ok
test core::bitvec::tests::test_clone ... ok
test core::bitvec::tests::test_from_raw_insufficient_blocks_error ... ok
test core::bitvec::tests::test_clear ... ok
test core::bitvec::tests::test_clear_bit ... ok
test core::bitvec::tests::test_from_raw_valid ... ok
test core::bitvec::tests::test_from_raw_zero_len_error ... ok
test core::bitvec::tests::test_concurrent_access ... ok
test core::bitvec::tests::test_get_range_basic ... ok
test core::bitvec::tests::test_get_range_empty ... ok
test core::bitvec::tests::test_get_out_of_bounds - should panic ... ok
test core::bitvec::tests::test_get_range_invalid_range - should panic ... ok
test core::bitvec::tests::test_get_range_out_of_bounds - should panic ... ok
test core::bitvec::tests::test_intersect ... ok
test core::bitvec::tests::test_intersect_size_mismatch ... ok
test core::bitvec::tests::test_memory_usage ... ok
test core::bitvec::tests::test_new ... ok
test core::bitvec::tests::test_new_zero_bits_error ... ok
test core::bitvec::tests::test_range_operations_comprehensive ... ok
test core::bitvec::tests::test_set_idempotent ... ok
test core::bitvec::tests::test_set_get ... ok
test core::bitvec::tests::test_set_out_of_bounds - should panic ... ok
test core::bitvec::tests::test_set_range_basic ... ok
test core::bitvec::tests::test_set_range_boundaries ... ok
test core::bitvec::tests::test_set_range_clear ... ok
test core::bitvec::tests::test_set_range_empty ... ok
test core::bitvec::tests::test_set_range_invalid_range - should panic ... ok
test core::bitvec::tests::test_set_range_multiple_words ... ok
test core::bitvec::tests::test_set_range_out_of_bounds - should panic ... ok
test core::bitvec::tests::test_to_raw ... ok
test core::bitvec::tests::test_union ... ok
test core::bitvec::tests::test_union_size_mismatch ... ok
test core::filter::tests::test_clear_removes_all_items ... ok
test core::filter::tests::test_contains_all_false_when_one_missing ... ok
test core::filter::tests::test_contains_all_true_when_all_present ... ok
test core::filter::tests::test_contains_any_false_when_none_present ... ok
test core::filter::tests::test_contains_any_true_when_one_present ... ok
test core::filter::tests::test_estimate_count_default_implementation ... ok
test core::filter::tests::test_false_positive_rate_returns_value ... ok
test core::filter::tests::test_insert_and_contains ... ok
test core::filter::tests::test_insert_batch ... ok
test core::filter::tests::test_is_empty_returns_false_after_insert ... ok
test core::filter::tests::test_is_empty_returns_true_for_new_filter ... ok
test core::filter::tests::test_trait_bounds ... ok
test core::params::tests::test_bits_per_element ... ok
test core::params::tests::test_bits_per_element_invalid_fp_rate ... ok
test core::params::tests::test_calculate_filter_params ... ok
test core::params::tests::test_calculate_filter_params_various_fp_rates ... ok
test core::params::tests::test_expected_fp_rate_empty_filter ... ok
test core::params::tests::test_expected_fp_rate_full_filter ... ok
test core::params::tests::test_expected_fp_rate_invalid_hash_count_too_high ... ok
test core::params::tests::test_expected_fp_rate_invalid_hash_count_zero ... ok
test core::params::tests::test_expected_fp_rate_invalid_zero_bits ... ok
test core::params::tests::test_expected_fp_rate_matches_target ... ok
test core::params::tests::test_ln2_squared_constant ... ok
test core::params::tests::test_mathematical_consistency ... ok
test core::params::tests::test_optimal_bit_count_0_1_percent ... ok
test core::params::tests::test_optimal_bit_count_1_percent ... ok
test core::params::tests::test_optimal_bit_count_invalid_fp_rate_greater_than_one ... ok
test core::params::tests::test_optimal_bit_count_invalid_fp_rate_negative ... ok
test core::params::tests::test_optimal_bit_count_invalid_fp_rate_one ... ok
test core::params::tests::test_optimal_bit_count_invalid_fp_rate_zero ... ok
test core::params::tests::test_optimal_bit_count_large_n ... ok
test core::params::tests::test_optimal_bit_count_various_fp_rates ... ok
test core::params::tests::test_optimal_bit_count_zero_items_error ... ok
test core::params::tests::test_optimal_hash_count_clamping_max ... ok
test core::params::tests::test_optimal_hash_count_clamping_min ... ok
test core::params::tests::test_optimal_hash_count_standard ... ok
test core::params::tests::test_optimal_hash_count_various_ratios ... ok
test core::params::tests::test_optimal_hash_count_zero_bits_error ... ok
test core::params::tests::test_optimal_hash_count_zero_items_error ... ok
test core::params::tests::test_roundtrip_calculation ... ok
test core::params::tests::test_validate_params_allows_moderate_saturation ... ok
test core::params::tests::test_validate_params_bits_less_than_hashes ... ok
test core::params::tests::test_validate_params_edge_cases ... ok
test core::params::tests::test_validate_params_high_load_factor ... ok
test core::params::tests::test_validate_params_invalid_hash_count ... ok
test core::params::tests::test_validate_params_valid ... ok
test core::params::tests::test_validate_params_zero_bits ... ok
test core::params::tests::test_validate_params_zero_items ... ok
test core::tests::test_bits_per_element_calculation ... ok
test core::tests::test_bitvec_alignment ... ok
test core::tests::test_bitvec_basic ... ok
test core::tests::test_bitvec_basic_operations ... ok
test core::tests::test_bitvec_clear ... ok
test core::tests::test_bitvec_fill_fraction ... ok
test core::tests::test_bitvec_intersect_operation ... ok
test core::tests::test_bitvec_memory_usage ... ok
test core::tests::test_bitvec_is_full ... ok
test core::tests::test_bitvec_set_multiple_and_test_all ... ok
test core::tests::test_bitvec_union_operation ... ok
test core::tests::test_expected_fp_rate_empty_filter ... ok
test core::tests::test_calculate_filter_params_consistency ... ok
test core::tests::test_bitvec_concurrent_safety ... ok
test core::tests::test_expected_fp_rate_full_filter ... ok
test core::tests::test_integration_params_and_bitvec ... ok
test core::tests::test_mathematical_consistency ... ok
test core::tests::test_module_reexports ... ok
test core::tests::test_optimal_bit_count_various_fp_rates ... ok
test core::tests::test_optimal_hash_count_various_ratios ... ok
test core::tests::test_parameter_error_conditions ... ok
test core::tests::test_parameter_validation ... ok
test core::tests::test_prelude_imports_compile ... ok
test core::tests::test_roundtrip_parameter_calculation ... ok
test builder::standard::tests::test_large_filter ... ok
test core::tests::test_validate_params_allows_moderate_saturation ... ok
test core::tests::test_validate_params_edge_cases ... ok
test error::tests::test_convenience_constructors ... ok
test error::tests::test_error_clone ... ok
test error::tests::test_error_display_counter_overflow ... ok
test error::tests::test_error_display_capacity_exceeded ... ok
test error::tests::test_error_display_fp_rate_out_of_bounds ... ok
test error::tests::test_error_display_counter_underflow ... ok
test error::tests::test_error_display_index_out_of_bounds ... ok
test error::tests::test_error_display_internal_error ... ok
test error::tests::test_error_display_incompatible_filters ... ok
test error::tests::test_error_display_invalid_filter_size ... ok
test error::tests::test_error_display_invalid_hash_count ... ok
test error::tests::test_error_display_invalid_item_count ... ok
test error::tests::test_error_display_invalid_range ... ok
test error::tests::test_error_display_invalid_parameters ... ok
test error::tests::test_error_display_unsupported_operation ... ok
test error::tests::test_error_implements_std_error ... ok
test error::tests::test_error_propagation_with_question_mark ... ok
test error::tests::test_result_type_alias ... ok
test filters::classic_bits::tests::test_bit_operations ... ok
test filters::classic_bits::tests::test_clear ... ok
test filters::classic_bits::tests::test_bloom_filter_trait ... ok
test filters::classic_bits::tests::test_clone ... ok
test filters::classic_bits::tests::test_contains_batch ... ok
test filters::classic_bits::tests::test_count_set_bits ... ok
test filters::classic_bits::tests::test_duplicate_inserts ... ok
test filters::classic_bits::tests::test_independent_hash_generation ... ok
test filters::classic_bits::tests::test_insert_and_contains ... ok
test filters::classic_bits::tests::test_insert_batch ... ok
test filters::classic_bits::tests::test_intersect ... ok
test filters::classic_bits::tests::test_fill_rate ... ok
test filters::classic_bits::tests::test_memory_usage ... ok
test filters::classic_bits::tests::test_new ... ok
test filters::classic_bits::tests::test_is_full ... ok
test filters::classic_bits::tests::test_multiple_inserts ... ok
test filters::classic_bits::tests::test_false_positive_rate ... ok
test filters::classic_bits::tests::test_estimate_fpr ... ok
test filters::classic_bits::tests::test_new_zero_k - should panic ... ok
test filters::classic_bits::tests::test_new_zero_size - should panic ... ok
test filters::classic_bits::tests::test_no_false_negatives ... ok
test filters::classic_bits::tests::test_union ... ok
test filters::classic_bits::tests::test_union_incompatible ... ok
test filters::classic_bits::tests::test_with_fpr ... ok
test filters::classic_bits::tests::test_with_fpr_invalid_fpr - should panic ... ok
test filters::classic_bits::tests::test_with_fpr_zero_items - should panic ... ok
test filters::classic_hash::tests::test_avg_chain_length ... ok
test filters::classic_hash::tests::test_bloom_filter_trait ... ok
test filters::classic_hash::tests::test_calculate_params ... ok
test filters::classic_hash::tests::test_chain_overflow ... ok
test filters::classic_hash::tests::test_clear ... ok
test filters::classic_hash::tests::test_clone ... ok
test filters::classic_hash::tests::test_contains_batch ... ok
test filters::classic_hash::tests::test_discarded_tracking ... ok
test filters::classic_hash::tests::test_duplicate_insert ... ok
test filters::classic_hash::tests::test_elements_iterator ... ok
test filters::classic_hash::tests::test_insert_and_contains ... ok
test filters::classic_hash::tests::test_insert_batch ... ok
test filters::classic_hash::tests::test_is_saturated ... ok
test filters::classic_hash::tests::test_estimate_fpr ... ok
test filters::classic_hash::tests::test_load_factor ... ok
test filters::classic_hash::tests::test_max_chain_length ... ok
test filters::classic_hash::tests::test_memory_usage ... ok
test filters::classic_hash::tests::test_new ... ok
test filters::classic_hash::tests::test_new_zero_buckets - should panic ... ok
test filters::classic_hash::tests::test_new_zero_depth - should panic ... ok
test filters::classic_hash::tests::test_no_false_negatives ... ok
test filters::classic_hash::tests::test_with_fpr ... ok
test filters::counting::tests::test_basic_insert_query ... ok
test filters::counting::tests::test_clear ... ok
test filters::counting::tests::test_clone ... ok
test filters::counting::tests::test_compression_ratio ... ok
test filters::counting::tests::test_contains_all ... ok
test filters::counting::tests::test_counter_distribution ... ok
test filters::counting::tests::test_batch_operations ... ok
test filters::counting::tests::test_contains_any ... ok
test filters::counting::tests::test_delete_safety_no_underflow ... ok
test filters::counting::tests::test_counter_statistics ... ok
test filters::counting::tests::test_delete_twice_returns_false ... ok
test filters::counting::tests::test_delete_all_or_none_failure ... ok
test filters::counting::tests::test_from_raw_4bit ... ok
test filters::counting::tests::test_delete_all_or_none_success ... ok
test filters::counting::tests::test_delete_with_collisions ... ok
test filters::counting::tests::test_from_raw_8bit ... ok
test filters::counting::tests::test_hot_spots ... ok
test filters::counting::tests::test_insert_checked_overflow ... ok
test filters::counting::tests::test_health_metrics_comprehensive ... ok
test filters::counting::tests::test_overflow_tracking_4bit ... ok
test filters::counting::tests::test_overflow_tracking_8bit ... ok
test filters::partitioned::tests::test_basic_insert_and_query ... ok
test filters::counting::tests::test_raw_counters ... ok
test filters::partitioned::tests::test_batch_contains_empty ... ok
test filters::partitioned::tests::test_batch_insert_empty ... ok
test filters::partitioned::tests::test_cache_alignment ... ok
test filters::counting::tests::test_memory_usage ... ok
test filters::partitioned::tests::test_cache_tuned_constructor ... ok
test filters::partitioned::tests::test_clear ... ok
test filters::partitioned::tests::test_clone_independence ... ok
test filters::partitioned::tests::test_drop_safety ... ok
test filters::partitioned::tests::test_cardinality_estimation ... ok
test filters::partitioned::tests::test_batch_operations ... ok
test filters::partitioned::tests::test_incompatible_merge ... ok
test filters::partitioned::tests::test_intersect_operation ... ok
test filters::partitioned::tests::test_memory_layout ... ok
test filters::partitioned::tests::test_memory_usage_reasonable ... ok
test filters::partitioned::tests::test_multiple_drops ... ok
test filters::partitioned::tests::test_parameter_validation ... ok
test filters::partitioned::tests::test_large_batch_operations ... ok
test filters::partitioned::tests::test_saturation_calculation ... ok
test filters::partitioned::tests::test_partition_stats ... ok
test filters::partitioned::tests::test_thread_safety_markers ... ok
test filters::partitioned::tests::test_union_new_non_mutating ... ok
test filters::partitioned::tests::test_should_resize ... ok
test filters::partitioned::tests::test_union_operation ... ok
test filters::partitioned::tests::test_zero_fpr_empty_filter ... ok
test filters::register_blocked::tests::test_basic_operations ... ok
test filters::register_blocked::tests::test_clear ... ok
test filters::partitioned::tests::test_clone_many_items ... ok
test filters::scalable::tests::test_accessors ... ok
test filters::scalable::tests::test_automatic_growth ... ok
test filters::scalable::tests::test_bloom_filter_trait ... ok
test filters::partitioned::tests::test_partition_balance ... ok
test filters::counting::tests::test_concurrent_insert ... ok
test filters::scalable::tests::test_adaptive_growth ... ok
test filters::scalable::tests::test_cardinality_error_bound ... ok
test filters::scalable::tests::test_capacity_monitoring ... ok
test filters::register_blocked::tests::test_no_false_negatives ... ok
test filters::partitioned::tests::test_no_false_negatives ... ok
test filters::scalable::tests::test_clone ... ok
test filters::scalable::tests::test_contains_batch ... ok
test filters::scalable::tests::test_clear ... ok
test filters::scalable::tests::test_constant_growth ... ok
test filters::scalable::tests::test_contains_with_provenance ... ok
test filters::scalable::tests::test_current_vs_aggregate_fill_rate ... ok
test filters::scalable::tests::test_estimate_fpr_vs_max_fpr ... ok
test filters::scalable::tests::test_extend_trait ... ok
test filters::scalable::tests::test_bounded_growth ... ok
test filters::scalable::tests::test_forward_iteration ... ok
test filters::scalable::tests::test_display_trait ... ok
test filters::scalable::tests::test_filter_stats ... ok
test filters::scalable::tests::test_fpr_breakdown ... ok
test filters::scalable::tests::test_from_iterator ... ok
test filters::scalable::tests::test_geometric_growth ... ok
test filters::scalable::tests::test_growth_strategy_default ... ok
test filters::scalable::tests::test_cardinality_tracking ... ok
test filters::scalable::tests::test_health_metrics ... ok
test filters::scalable::tests::test_fpr_increases_with_growth ... ok
test filters::partitioned::tests::test_estimated_fpr_vs_actual ... ok
test filters::scalable::tests::test_insert_and_contains ... ok
test filters::scalable::tests::test_invalid_fill_threshold - should panic ... ok
test filters::scalable::tests::test_memory_usage ... ok
test filters::scalable::tests::test_meta_filter_disable ... ok
test filters::scalable::tests::test_capacity_exhausted_error ... ok
test filters::register_blocked::tests::test_false_positive_rate ... ok
test filters::scalable::tests::test_new ... ok
test filters::scalable::tests::test_insert_batch ... ok
test filters::scalable::tests::test_health_metrics_display ... ok
test filters::scalable::tests::test_predict_fpr ... ok
test filters::scalable::tests::test_reverse_iteration ... ok
test filters::scalable::tests::test_set_fill_threshold ... ok
test filters::partitioned::tests::test_lemire_hash_distribution ... ok
test filters::standard::tests::test_bloom_filter_trait ... ok
test filters::standard::tests::test_cardinality_empty_filter ... ok
test filters::scalable::tests::test_meta_filter_optimization ... ok
test filters::standard::tests::test_clear ... ok
test filters::standard::tests::test_clone ... ok
test filters::standard::tests::test_contains_batch ... ok
test filters::standard::tests::test_count_set_bits ... ok
test filters::standard::tests::test_cardinality_accuracy ... ok
test filters::standard::tests::test_fill_rate ... ok
test filters::standard::tests::test_insert_and_contains ... ok
test filters::standard::tests::test_estimate_cardinality ... ok
test filters::standard::tests::test_estimate_fpr ... ok
test filters::standard::tests::test_insert_batch ... ok
test filters::standard::tests::test_intersect ... ok
test filters::standard::tests::test_intersect_only_common_items ... ok
test filters::standard::tests::test_is_empty ... ok
test filters::standard::tests::test_memory_usage ... ok
test filters::standard::tests::test_new ... ok
test filters::standard::tests::test_multiple_inserts ... ok
test filters::standard::tests::test_new_zero_items - should panic ... ok
test filters::standard::tests::test_new_invalid_fpr - should panic ... ok
test filters::standard::tests::test_no_false_negatives ... ok
test filters::standard::tests::test_union ... ok
test filters::standard::tests::test_is_full ... ok
test filters::standard::tests::test_union_contains_all_items ... ok
test filters::standard::tests::test_union_incompatible_size ... ok
test filters::standard::tests::test_union_with_overlap ... ok
test filters::standard::tests::test_with_params ... ok
test filters::tests::test_all_filters_accessible ... ok
test filters::scalable::tests::test_no_false_negatives ... ok
test filters::tests::test_batch_operations ... ok
test filters::tests::test_clear_functionality ... ok
test filters::tests::test_counter_size_enum ... ok
test filters::tests::test_documentation_patterns ... ok
test filters::tests::test_filters_are_send_sync ... ok
test filters::tests::test_basic_functionality_all_filters ... ok
test filters::tests::test_generic_type_flexibility ... ok
test filters::tests::test_growth_strategy_enum ... ok
test filters::tests::test_tree_bloom_filter_batch ... ok
test filters::tests::test_scalable_new_types ... ok
test filters::tests::test_tree_bloom_filter_locate ... ok
test filters::tests::test_tree_bloom_filter_stats ... ok
test filters::tree::tests::test_builder ... ok
test filters::tree::tests::test_insert_and_query ... ok
test filters::tree::tests::test_insert_auto ... ok
test filters::tree::tests::test_locate_in_range ... ok
test filters::tree::tests::test_new ... ok
test filters::tree::tests::test_intersect ... ok
test filters::tree::tests::test_subtree_operations ... ok
test hash::hasher::tests::test_avalanche_single_bit_flip ... ok
test filters::tree::tests::test_needs_resize ... ok
test filters::tree::tests::test_validate_structure ... ok
test filters::tree::tests::test_union ... ok
test hash::hasher::tests::test_clone_produces_identical_results ... ok
test hash::hasher::tests::test_consecutive_bytes_differ ... ok
test hash::hasher::tests::test_default_trait ... ok
test hash::hasher::tests::test_hash_bytes_pair_deterministic ... ok
test hash::hasher::tests::test_hash_bytes_pair_produces_different_values ... ok
test hash::hasher::tests::test_hash_bytes_triple_deterministic ... ok
test hash::hasher::tests::test_hash_bytes_triple_produces_different_values ... ok
test hash::hasher::tests::test_hash_bytes_with_seed_independence ... ok
test hash::hasher::tests::test_integration_with_double_hashing ... ok
test hash::hasher::tests::test_hash_pair_independence_statistical ... ok
test hash::hasher::tests::test_integration_with_enhanced_double_hashing ... ok
test hash::hasher::tests::test_integration_with_triple_hashing ... ok
test hash::hasher::tests::test_large_input ... ok
test hash::hasher::tests::test_same_seed_same_results ... ok
test hash::hasher::tests::test_send_sync ... ok
test hash::hasher::tests::test_std_hasher_determinism ... ok
test hash::hasher::tests::test_std_hasher_different_inputs ... ok
test hash::hasher::tests::test_std_hasher_empty_input ... ok
test hash::hasher::tests::test_std_hasher_name ... ok
test hash::hasher::tests::test_std_hasher_single_byte ... ok
test hash::hasher::tests::test_unicode_handling ... ok
test hash::hasher::tests::test_with_seed_produces_different_hashes ... ok
test hash::strategies::tests::test_default_trait ... ok
test hash::strategies::tests::test_double_hashing_basic ... ok
test hash::strategies::tests::test_double_hashing_deterministic ... ok
test hash::strategies::tests::test_double_hashing_wrapping_behavior ... ok
test hash::strategies::tests::test_enhanced_differs_from_double_for_large_k ... ok
test hash::strategies::tests::test_chi_square_double_hashing ... ok
test hash::strategies::tests::test_chi_square_enhanced_double_hashing ... ok
test hash::strategies::tests::test_enhanced_double_hashing_basic ... ok
test hash::strategies::tests::test_enhanced_double_hashing_deterministic ... ok
test hash::strategies::tests::test_enhanced_double_hashing_wrapping_behavior ... ok
test hash::strategies::tests::test_required_hashes ... ok
test hash::strategies::tests::test_double_hashing_distribution ... ok
test hash::strategies::tests::test_large_k ... ok
test hash::strategies::tests::test_power_of_two_filter_size ... ok
test hash::strategies::tests::test_single_hash_function ... ok
test hash::strategies::tests::test_strategies_produce_different_sequences ... ok
test hash::strategies::tests::test_small_filter_size ... ok
test builder::counting::tests::test_large_filter ... ok
test hash::strategies::tests::test_strategy_names ... ok
test hash::strategies::tests::test_trait_object_usage ... ok
test hash::strategies::tests::test_triple_hashing_basic ... ok
test hash::strategies::tests::test_triple_hashing_deterministic ... ok
test hash::strategies::tests::test_enhanced_double_hashing_distribution ... ok
test hash::strategies::tests::test_triple_hashing_wrapping_behavior ... ok
test hash::tests::test_all_hashers_consistent ... ok
test hash::tests::test_all_hashers_different_seeds ... ok
test hash::tests::test_all_hashers_with_strategies ... ok
test hash::tests::test_bench_benchmark_hasher ... ok
test hash::tests::test_bench_compare_hashers ... ok
test hash::tests::test_bench_results_sorted ... ok
test hash::tests::test_double_hashing_strategy ... ok
test hash::tests::test_hash_strategy_enum ... ok
test hash::tests::test_enhanced_double_hashing_strategy ... ok
test hash::tests::test_hasher_with_seed ... ok
test hash::tests::test_hasher_with_seed_deterministic ... ok
test hash::tests::test_prelude_imports ... ok
test hash::tests::test_prelude_strategy_imports ... ok
test hash::tests::test_recommended_hasher ... ok
test hash::tests::test_recommended_hasher_deterministic ... ok
test hash::tests::test_reexports_compile ... ok
test hash::tests::test_simd_hasher ... ok
test hash::tests::test_triple_hashing_strategy ... ok
test sync::atomic_counter::tests::test_atomic_counter_array_aggregate ... ok
test sync::atomic_counter::tests::test_atomic_counter_array_clear ... ok
test sync::atomic_counter::tests::test_atomic_counter_array_creation ... ok
test sync::atomic_counter::tests::test_atomic_counter_array_decrement_saturating ... ok
test sync::atomic_counter::tests::test_atomic_counter_array_decrement_underflow ... ok
test sync::atomic_counter::tests::test_atomic_counter_array_get_out_of_bounds - should panic ... ok
test sync::atomic_counter::tests::test_atomic_counter_array_increment_overflow ... ok
test sync::atomic_counter::tests::test_atomic_counter_array_increment_saturating ... ok
test sync::atomic_counter::tests::test_atomic_counter_array_operations ... ok
test sync::atomic_counter::tests::test_atomic_counter_array_concurrent ... ok
test sync::atomic_counter::tests::test_atomic_counter_array_set_out_of_bounds - should panic ... ok
test sync::atomic_counter::tests::test_atomic_counter_array_with_value ... ok
test sync::atomic_counter::tests::test_atomic_counter_array_zero_size - should panic ... ok
test sync::atomic_counter::tests::test_cache_line_padded_creation ... ok
test sync::atomic_counter::tests::test_cache_line_padded_overflow_protection ... ok
test filters::standard::tests::test_false_positive_rate ... ok
test sync::atomic_counter::tests::test_cache_line_padded_operations ... ok
test sync::atomic_counter::tests::test_cache_line_padded_underflow_protection ... ok
test sync::atomic_counter::tests::test_memory_layout_size ... ok
test sync::atomic_counter::tests::test_memory_layout_alignment ... ok
test sync::atomic_counter::tests::test_cache_line_padded_concurrent ... ok
test sync::sharded::tests::test_sharded_filter_clear ... ok
test sync::sharded::tests::test_sharded_filter_clone ... ok
test sync::sharded::tests::test_sharded_filter_creation ... ok
test sync::sharded::tests::test_sharded_filter_insert_contains ... ok
test sync::sharded::tests::test_sharded_filter_load_factor ... ok
test sync::sharded::tests::test_sharded_filter_invalid_fp_rate - should panic ... ok
test sync::sharded::tests::test_sharded_filter_with_shard_count ... ok
test sync::sharded::tests::test_sharded_filter_fp_rate ... ok
test sync::sharded::tests::test_sharded_filter_concurrent_clear ... ok
test sync::sharded::tests::test_sharded_filter_zero_items - should panic ... ok
test sync::striped::tests::test_cache_line_padding ... ok
test sync::sharded::tests::test_single_hash_per_operation ... ok
test sync::striped::tests::test_striped_filter_insert_contains ... ok
test sync::striped::tests::test_single_hash_per_operation ... ok
test sync::tests::test_sharded_clear ... ok
test sync::tests::test_sharded_estimate_count ... ok
test sync::tests::test_sharded_fp_rate ... ok
test sync::tests::test_sharded_insert ... ok
test sync::tests::test_striped_clear ... ok
test sync::tests::test_sharded_concurrent ... ok
test sync::striped::tests::test_striped_filter_concurrent_safety ... ok
test sync::tests::test_striped_fp_rate ... ok
test tests::test_builder ... ok
test sync::tests::test_striped_insert ... ok
test sync::tests::test_striped_concurrent ... ok
test tests::test_prelude_imports ... ok
test tests::test_concurrent_filter_shared_trait ... ok
test sync::tests::test_striped_estimate_count ... ok
test tests::test_shared_filter_clear ... ok
test tests::test_striped_filter_shared_trait ... ok
test tests::test_trait_usage ... ok
test tests::test_concurrent_bloom_filter_trait ... ok
test sync::sharded::tests::test_clear_concurrent_safety ... ok
test tests::test_tree_bloom_filter_basic ... ok
test util::atomic::tests::test_atomic_counter_add ... ok
test util::atomic::tests::test_atomic_counter_clone ... ok
test util::atomic::tests::test_atomic_counter_compare_exchange_failure ... ok
test tests::test_tree_bloom_filter_hierarchy ... ok
test tests::test_tree_vs_standard_difference ... ok
test util::atomic::tests::test_atomic_counter_compare_exchange_success ... ok
test util::atomic::tests::test_atomic_counter_default ... ok
test util::atomic::tests::test_atomic_counter_fetch_add ... ok
test util::atomic::tests::test_atomic_counter_memory_ordering ... ok
test util::atomic::tests::test_atomic_counter_fetch_increment ... ok
test util::atomic::tests::test_atomic_counter_fetch_sub ... ok
test util::atomic::tests::test_atomic_counter_increment ... ok
test util::atomic::tests::test_atomic_counter_concurrent ... ok
test util::atomic::tests::test_atomic_counter_reset ... ok
test sync::sharded::tests::test_no_pathological_distribution ... ok
test util::atomic::tests::test_atomic_counter_new ... ok
test util::atomic::tests::test_atomic_counter_set_get ... ok
test util::atomic::tests::test_atomic_counter_size ... ok
test util::atomic::tests::test_atomic_counter_sub ... ok
test util::atomic::tests::test_atomic_index_add ... ok
test util::atomic::tests::test_atomic_index_default ... ok
test util::atomic::tests::test_atomic_index_increment ... ok
test util::atomic::tests::test_atomic_index_new ... ok
test util::atomic::tests::test_atomic_index_set_get ... ok
test util::atomic::tests::test_cache_line_size ... ok
test util::atomic::tests::test_ordering_constants ... ok
test util::bitops::tests::test_all_zeros_in_range ... ok
test util::bitops::tests::test_bit_mask ... ok
test util::bitops::tests::test_bit_offset ... ok
test util::bitops::tests::test_bits_to_bytes ... ok
test util::bitops::tests::test_bits_to_words ... ok
test util::bitops::tests::test_count_ones ... ok
test util::bitops::tests::test_count_ones_slice ... ok
test util::bitops::tests::test_count_zeros ... ok
test util::bitops::tests::test_hamming_distance ... ok
test util::bitops::tests::test_is_power_of_two ... ok
test util::bitops::tests::test_hamming_distance_different_lengths - should panic ... ok
test util::bitops::tests::test_leading_zeros ... ok
test util::bitops::tests::test_next_power_of_two ... ok
test util::bitops::tests::test_prev_power_of_two ... ok
test util::bitops::tests::test_reverse_bits ... ok
test util::bitops::tests::test_rotate_left ... ok
test util::bitops::tests::test_rotate_right ... ok
test util::bitops::tests::test_round_up_to_multiple ... ok
test util::bitops::tests::test_round_up_to_multiple_zero - should panic ... ok
test util::bitops::tests::test_trailing_zeros ... ok
test util::bitops::tests::test_word_index ... ok
test util::cache_detect::tests::test_cache_detection_cached ... ok
test util::cache_detect::tests::test_detect_cache_sizes ... ok
test util::cache_detect::tests::test_large_filter_warning ... ok
test util::cache_detect::tests::test_optimal_partition_size ... ok
test util::cache_detect::tests::test_recommend_partition_size ... ok
test filters::partitioned::tests::test_false_positive_rate_statistical ... ok
test filters::scalable::tests::test_fpr_precision_clamp ... ok
test filters::scalable::tests::test_large_scale_insertion ... ok
test filters::scalable::tests::test_fpr_degradation_at_capacity ... ok
test filters::scalable::tests::test_max_filters_limit ... ok

test result: ok. 536 passed; 0 failed; 0 ignored; 0 measured; 0 filtered out; finished in 3.45s

     Running 
tests\basic.rs (target\debu
g\deps\basic-17f4d7b9f2699b
06.exe)

running 3 tests
test test_basic_insert_and_find ... ok
test test_batch_operations ... ok
test test_no_false_negatives ... ok

test result: ok. 3 passed; 0 failed; 0 ignored; 0 measured; 0 filtered out; finished in 0.00s

   Doc-tests bloomcraft

running 303 tests
test src\builder\counting.rs - builder::counting::CountingBloomFilterBuilder<WithItems,H>::hash_strategy (line 208) ... ok
test src\builder\counting.rs - builder::counting::CountingBloomFilterBuilder<Initial,H>::expected_items (line 125) ... ok
test src\builder\counting.rs - builder::counting::CountingBloomFilterBuilder<WithItems,H>::false_positive_rate (line 155) ... ok
test src\builder\counting.rs - builder::counting::CountingBloomFilterBuilder<Initial,DefaultHasher>::new (line 96) ... ok
test src\builder\counting.rs - builder::counting::CountingBloomFilterBuilder<WithItems,H>::max_count (line 189) ... ok
test src\builder\counting.rs - builder::counting::CountingBloomFilterBuilder<Complete,H>::build (line 254) ... ok
test src\builder\counting.rs - builder::counting (line 31) ... ok
test src\builder\counting.rs - builder::counting (line 18) ... ok
test src\builder\counting.rs - builder::counting::CountingBloomFilterBuilder<Complete,H>::build_with_metadata (line 302) ... ok
test src\builder\scalable.rs - builder::scalable (line 27) ... ok
test src\builder\scalable.rs - builder::scalable (line 40) ... ok
test src\builder\scalable.rs - builder::scalable::ScalableBloomFilterBuilder<Complete,H>::build (line 246) ... ok
test src\builder\scalable.rs - builder::scalable::ScalableBloomFilterBuilder<Initial,DefaultHasher>::new (line 92) ... ok
test src\builder\standard.rs - builder::standard (line 31) ... ok
test src\builder\standard.rs - builder::standard::StandardBloomFilterBuilder<WithItems,H>::hash_strategy (line 181) ... ok
test src\builder\standard.rs - builder::standard::StandardBloomFilterBuilder<Complete,H>::hash_strategy (line 201) ... ok
test src\builder\standard.rs - builder::standard::StandardBloomFilterBuilder<Initial,H>::expected_items (line 124) ... ok
test src\builder\standard.rs - builder::standard::StandardBloomFilterBuilder<Initial,DefaultHasher>::new (line 96) ... ok
test src\builder\standard.rs - builder::standard::StandardBloomFilterBuilder<Complete,H>::build (line 231) ... ok
test src\builder\standard.rs - builder::standard::StandardBloomFilterBuilder<WithItems,H>::false_positive_rate (line 153) ... ok
test src\builder\standard.rs - builder::standard::StandardBloomFilterBuilder<Complete,H>::build_with_metadata (line 270) ... ok
test src\builder\standard.rs - builder::standard (line 46) ... ok
test src\builder\standard.rs - builder::standard (line 18) ... ok
test src\core\bitvec.rs - core::bitvec (line 48) ... ok
test src\core\bitvec.rs - core::bitvec (line 60) ... ok
test src\core\bitvec.rs - core::bitvec (line 87) ... ok
test src\core\bitvec.rs - core::bitvec::BitVec::clear (line 496) ... ok
test src\core\bitvec.rs - core::bitvec::BitVec::clone (line 772) ... ok
test src\core\bitvec.rs - core::bitvec::BitVec::clear_bit (line 411) ... ok
test src\core\bitvec.rs - core::bitvec::BitVec::get (line 275) ... ok
test src\core\filter.rs - core::filter (line 51) ... ignored
test src\core\filter.rs - core::filter (line 73) ... ignored
test src\core\filter.rs - core::filter (line 98) ... ignored
test src\core\filter.rs - core::filter::BloomFilter (line 215) ... ignored
test src\core\filter.rs - core::filter::BloomFilter::bit_count (line 455) ... ignored
test src\core\filter.rs - core::filter::BloomFilter::clear (line 307) ... ignored
test src\core\filter.rs - core::filter::BloomFilter::contains (line 281) ... ignored
test src\core\filter.rs - core::filter::BloomFilter::contains_all (line 533) ... ignored
test src\core\filter.rs - core::filter::BloomFilter::contains_any (line 571) ... ignored
test src\core\filter.rs - core::filter::BloomFilter::estimate_count (line 624) ... ignored
test src\core\filter.rs - core::filter::BloomFilter::expected_items (line 436) ... ignored
test src\core\filter.rs - core::filter::BloomFilter::false_positive_rate (line 400) ... ignored
test src\core\filter.rs - core::filter::BloomFilter::hash_count (line 473) ... ignored
test src\core\filter.rs - core::filter::BloomFilter::insert (line 246) ... ignored
test src\core\filter.rs - core::filter::BloomFilter::insert_batch (line 494) ... ignored
test src\core\filter.rs - core::filter::BloomFilter::is_empty (line 361) ... ignored
test src\core\filter.rs - core::filter::BloomFilter::len (line 340) ... ignored
test src\core\filter.rs - core::filter::ConcurrentBloomFilter (line 712) ... ignored
test src\core\filter.rs - core::filter::DeletableBloomFilter (line 878) ... ignored
test src\core\filter.rs - core::filter::DeletableBloomFilter::can_remove (line 950) ... ignored
test src\core\filter.rs - core::filter::DeletableBloomFilter::remove (line 915) ... ignored
test src\core\filter.rs - core::filter::MergeableBloomFilter (line 984) ... ignored
test src\core\filter.rs - core::filter::MergeableBloomFilter::intersect (line 1055) ... ignored
test src\core\filter.rs - core::filter::MergeableBloomFilter::is_compatible (line 1086) ... ignored
test src\core\filter.rs - core::filter::MergeableBloomFilter::union (line 1019) ... ignored
test src\core\filter.rs - core::filter::MutableBloomFilter (line 662) ... ignored
test src\core\filter.rs - core::filter::ScalableBloomFilter (line 1115) ... ignored
test src\core\filter.rs - core::filter::ScalableBloomFilter::current_capacity (line 1138) ... ignored
test src\core\filter.rs - core::filter::ScalableBloomFilter::grow (line 1174) ... ignored
test src\core\filter.rs - core::filter::ScalableBloomFilter::target_fp_rate (line 1158) ... ignored
test src\core\filter.rs - core::filter::ScalableBloomFilter::tier_count (line 1192) ... ignored
test src\core\filter.rs - core::filter::SharedBloomFilter (line 766) ... ignored
test src\core\mod.rs - core::prelude (line 185) ... ignored
test src\core\bitvec.rs - core::bitvec::BitVec::count_ones (line 529) ... ok
test src\core\bitvec.rs - core::bitvec::BitVec::len (line 185) ... ok
test src\core\bitvec.rs - core::bitvec::BitVec::memory_usage (line 556) ... ok
test src\core\bitvec.rs - core::bitvec::BitVec::new (line 150) ... ok
test src\core\bitvec.rs - core::bitvec::BitVec::intersect (line 629) ... ok
test src\core\bitvec.rs - core::bitvec::BitVec::from_raw (line 689) ... ok
test src\core\bitvec.rs - core::bitvec::BitVec::get_range (line 458) ... ok
test src\core\bitvec.rs - core::bitvec::BitVec::set (line 230) ... ok
test src\core\bitvec.rs - core::bitvec::BitVec::set_range (line 321) ... ok
test src\core\bitvec.rs - core::bitvec::BitVec::to_raw (line 743) ... ok
test src\core\params.rs - core::params::bits_per_element (line 422) ... ok
test src\core\bitvec.rs - core::bitvec::BitVec::union (line 583) ... ok
test src\core\params.rs - core::params::calculate_filter_params (line 313) ... ok
test src\core\params.rs - core::params::optimal_bit_count (line 97) ... ok
test src\core\params.rs - core::params::expected_fp_rate (line 239) ... ok
test src\core\params.rs - core::params::validate_params (line 351) ... ok
test src\error.rs - error::BloomCraftError::invalid_parameters (line 309) ... ok
test src\core\params.rs - core::params::optimal_hash_count (line 181) ... ok
test src\error.rs - error::Result (line 32) ... ok
test src\filters\classic_bits.rs - filters::classic_bits (line 111) ... ok
test src\filters\classic_bits.rs - filters::classic_bits (line 129) ... ok
test src\filters\classic_bits.rs - filters::classic_bits (line 142) ... ok
test src\filters\classic_bits.rs - filters::classic_bits::ClassicBitsFilter (line 247) ... ok
test src\filters\classic_bits.rs - filters::classic_bits::ClassicBitsFilter<T,H>::clear (line 603) ... ok
test src\filters\classic_bits.rs - filters::classic_bits::ClassicBitsFilter<T,H>::contains (line 575) ... ok
test src\filters\classic_bits.rs - filters::classic_bits::ClassicBitsFilter<T,H>::contains_batch (line 836) ... ok
test src\filters\classic_bits.rs - filters::classic_bits::ClassicBitsFilter<T,H>::count_set_bits (line 650) ... ok
test src\filters\classic_bits.rs - filters::classic_bits::ClassicBitsFilter<T,H>::estimate_fpr (line 704) ... ok
test src\filters\classic_bits.rs - filters::classic_bits::ClassicBitsFilter<T,H>::hash_count (line 424) ... ok
test src\filters\classic_bits.rs - filters::classic_bits::ClassicBitsFilter<T,H>::insert (line 542) ... ok
test src\filters\classic_bits.rs - filters::classic_bits::ClassicBitsFilter<T,H>::insert_batch (line 808) ... ok
test src\filters\classic_bits.rs - filters::classic_bits::ClassicBitsFilter<T,H>::fill_rate (line 675) ... ok
test src\filters\classic_bits.rs - filters::classic_bits::ClassicBitsFilter<T,H>::intersect (line 926) ... ok
test src\filters\classic_bits.rs - filters::classic_bits::ClassicBitsFilter<T,H>::memory_usage (line 779) ... ok
test src\filters\classic_bits.rs - filters::classic_bits::ClassicBitsFilter<T,H>::is_empty (line 628) ... ok
test src\filters\classic_bits.rs - filters::classic_bits::ClassicBitsFilter<T,H>::is_full (line 752) ... ok
test src\filters\classic_bits.rs - filters::classic_bits::ClassicBitsFilter<T,H>::size (line 408) ... ok
test src\filters\classic_bits.rs - filters::classic_bits::ClassicBitsFilter<T,H>::union (line 872) ... ok
test src\filters\classic_bits.rs - filters::classic_bits::ClassicBitsFilter<T,H>::with_hasher (line 380) ... ok
test src\filters\classic_bits.rs - filters::classic_bits::ClassicBitsFilter<T,StdHasher>::new (line 312) ... ok
test src\filters\classic_bits.rs - filters::classic_bits::ClassicBitsFilter<T,StdHasher>::with_fpr (line 340) ... ok
test src\filters\classic_hash.rs - filters::classic_hash (line 81) ... ok
test src\filters\classic_hash.rs - filters::classic_hash::ClassicHashFilter<T,H>::avg_chain_length (line 452) ... ok
test src\filters\classic_hash.rs - filters::classic_hash::ClassicHashFilter<T,H>::clear (line 425) ... ok
test src\filters\classic_hash.rs - filters::classic_hash::ClassicHashFilter<T,H>::contains (line 404) ... ok
test src\filters\classic_hash.rs - filters::classic_hash::ClassicHashFilter<T,H>::estimate_fpr (line 509) ... ok
test src\filters\classic_hash.rs - filters::classic_hash::ClassicHashFilter<T,H>::elements (line 596) ... ok
test src\filters\classic_hash.rs - filters::classic_hash::ClassicHashFilter<T,H>::insert (line 354) ... ok
test src\filters\classic_hash.rs - filters::classic_hash::ClassicHashFilter<T,StdHasher>::new (line 217) ... ok
test src\filters\classic_hash.rs - filters::classic_hash::ClassicHashFilter<T,StdHasher>::with_fpr (line 239) ... ok
test src\filters\counting.rs - filters::counting (line 66) ... ok
test src\filters\counting.rs - filters::counting::CountingBloomFilter<T,H>::clear (line 1279) ... ok
test src\filters\counting.rs - filters::counting::CountingBloomFilter<T,H>::contains (line 1108) ... ok
test src\filters\counting.rs - filters::counting::CountingBloomFilter<T,H>::contains_all (line 1368) ... ok
test src\filters\counting.rs - filters::counting::CountingBloomFilter<T,H>::contains_any (line 1394) ... ok
test src\filters\counting.rs - filters::counting::CountingBloomFilter<T,H>::delete (line 1157) ... ok
test src\filters\counting.rs - filters::counting (line 84) ... ok
test src\filters\counting.rs - filters::counting::CountingBloomFilter<T,H>::contains_batch (line 1345) ... ok
test src\filters\counting.rs - filters::counting::CountingBloomFilter<T,H>::delete_all_or_none (line 1451) ... ok
test src\filters\counting.rs - filters::counting (line 102) ... ok
test src\filters\counting.rs - filters::counting::CountingBloomFilter<T,H>::delete_batch (line 1419) ... ok
test src\filters\counting.rs - filters::counting::CountingBloomFilter<T,H>::delete_unchecked (line 1211) ... ok
test src\filters\counting.rs - filters::counting::CountingBloomFilter<T,H>::insert (line 1049) ... ok
test src\filters\counting.rs - filters::counting::CountingBloomFilter<T,H>::hot_spots (line 1609) ... ok
test src\filters\partitioned.rs - filters::partitioned (line 187) - compile ... ok
test src\filters\counting.rs - filters::counting::CountingBloomFilter<T,H>::insert_batch (line 1325) ... ok
test src\filters\counting.rs - filters::counting::CountingBloomFilter<T,H>::with_hasher (line 526) ... ok
test src\filters\counting.rs - filters::counting::CountingBloomFilter<T,StdHasher>::with_params (line 491) ... ok
test src\filters\scalable.rs - filters::scalable (line 121) ... ignored
test src\filters\counting.rs - filters::counting::CountingBloomFilter<T,StdHasher>::with_size (line 460) ... ok
test src\filters\partitioned.rs - filters::partitioned (line 164) ... ok
test src\filters\partitioned.rs - filters::partitioned (line 151) ... ok
test src\filters\counting.rs - filters::counting::CountingBloomFilter<T,StdHasher>::new (line 436) ... ok
test src\filters\partitioned.rs - filters::partitioned (line 130) ... ok
test src\filters\partitioned.rs - filters::partitioned::PartitionedBloomFilter (line 308) ... ok
test src\filters\partitioned.rs - filters::partitioned::PartitionedBloomFilter<T,H>::insert_batch (line 838) ... ok
test src\filters\partitioned.rs - filters::partitioned::PartitionedBloomFilter<T,H>::new (line 382) ... ok
test src\filters\partitioned.rs - filters::partitioned::PartitionedBloomFilter<T,H>::new_cache_tuned (line 400) ... ok
test src\filters\register_blocked.rs - filters::register_blocked::RegisterBlockedBloomFilter (line 41) ... ok
test src\filters\register_blocked.rs - filters::register_blocked::RegisterBlockedBloomFilter<T,H>::new (line 96) ... ok
test src\filters\scalable.rs - filters::scalable (line 43) ... ok
test src\filters\scalable.rs - filters::scalable::HyperLogLog::estimate (line 338) ... ok
test src\filters\scalable.rs - filters::scalable (line 80) ... ok
test src\filters\scalable.rs - filters::scalable (line 59) ... ok
test src\filters\scalable.rs - filters::scalable::HyperLogLog::add (line 294) ... ok
test src\filters\scalable.rs - filters::scalable::HyperLogLog::memory_usage (line 468) ... ok
test src\filters\scalable.rs - filters::scalable (line 99) ... ok
test src\filters\scalable.rs - filters::scalable::HyperLogLog::merge (line 361) ... ok
test src\filters\scalable.rs - filters::scalable::HyperLogLog::new (line 277) ... ok
test src\filters\scalable.rs - filters::scalable::ScalableBloomFilter<T,H>::contains (line 1339) ... ok
test src\filters\scalable.rs - filters::scalable::ScalableBloomFilter<T,H>::clear (line 1508) ... ok
test src\filters\scalable.rs - filters::scalable::ScalableBloomFilter<T,H>::contains_batch (line 1375) ... ok
test src\filters\scalable.rs - filters::scalable::ScalableBloomFilter<T,H>::contains_with_provenance (line 1400) ... ok
test src\filters\scalable.rs - filters::scalable::ScalableBloomFilter<T,H>::estimate_fpr (line 1650) ... ok
test src\filters\scalable.rs - filters::scalable::ScalableBloomFilter<T,H>::estimate_unique_count (line 1686) ... ok
test src\filters\scalable.rs - filters::scalable::ScalableBloomFilter<T,H>::filter_fpr_breakdown (line 1599) ... ok
test src\filters\scalable.rs - filters::scalable::ScalableBloomFilter<T,H>::with_capacity_behavior (line 978) ... ok
test src\filters\scalable.rs - filters::scalable::ScalableBloomFilter<T,H>::predict_fpr (line 1551) ... ok
test src\filters\scalable.rs - filters::scalable::ScalableBloomFilter<T,H>::health_metrics (line 1730) ... ok
test src\filters\scalable.rs - filters::scalable::ScalableBloomFilter<T,H>::with_cardinality_tracking (line 1019) ... ok
test src\filters\scalable.rs - filters::scalable::ScalableBloomFilter<T,H>::insert (line 1262) ... ok
test src\filters\scalable.rs - filters::scalable::ScalableBloomFilter<T,H>::with_query_strategy (line 994) ... ok
test src\filters\scalable.rs - filters::scalable::ScalableBloomFilter<T,StdHasher>::new (line 858) ... ok
test src\filters\scalable.rs - filters::scalable::ScalableBloomFilter<T,H>::insert_batch (line 1285) ... ok
test src\filters\standard.rs - filters::standard (line 39) ... ok
test src\filters\standard.rs - filters::standard (line 57) ... ok
test src\filters\standard.rs - filters::standard (line 74) ... ok
test src\filters\standard.rs - filters::standard::StandardBloomFilter<T,H>::clear (line 740) ... ok
test src\filters\standard.rs - filters::standard::StandardBloomFilter<T,H>::contains (line 518) ... ok
test src\filters\standard.rs - filters::standard::StandardBloomFilter<T,H>::contains_batch (line 600) ... ok
test src\filters\standard.rs - filters::standard::StandardBloomFilter<T,H>::count_set_bits (line 385) ... ok
test src\filters\standard.rs - filters::standard::StandardBloomFilter<T,H>::estimate_cardinality (line 896) ... ok
test src\filters\standard.rs - filters::standard::StandardBloomFilter<T,H>::contains_batch_ref (line 660) ... ok
test src\filters\standard.rs - filters::standard::StandardBloomFilter<T,H>::hash_count (line 353) ... ok
test src\filters\standard.rs - filters::standard::StandardBloomFilter<T,H>::insert (line 487) ... ok
test src\filters\standard.rs - filters::standard::StandardBloomFilter<T,H>::estimate_fpr (line 427) ... ok
test src\filters\standard.rs - filters::standard::StandardBloomFilter<T,H>::insert_batch_ref (line 708) ... ok
test src\filters\standard.rs - filters::standard::StandardBloomFilter<T,H>::intersect (line 846) ... ok
test src\filters\standard.rs - filters::standard::StandardBloomFilter<T,H>::insert_batch (line 554) ... ok
test src\filters\standard.rs - filters::standard::StandardBloomFilter<T,H>::is_empty (line 763) ... ok
test src\filters\standard.rs - filters::standard::StandardBloomFilter<T,H>::memory_usage (line 939) ... ok
test src\filters\tree.rs - filters::tree (line 44) ... FAILED
test src\filters\standard.rs - filters::standard::StandardBloomFilter<T,H>::size (line 337) ... ok
test src\filters\standard.rs - filters::standard::StandardBloomFilter<T,H>::union (line 796) ... ok
test src\filters\standard.rs - filters::standard::StandardBloomFilter<T,H>::with_hasher (line 261) ... ok
test src\filters\standard.rs - filters::standard::StandardBloomFilter<T,H>::with_params (line 309) ... ok
test src\filters\standard.rs - filters::standard::StandardBloomFilter<T,StdHasher>::new (line 227) ... ok
test src\hash\hasher.rs - hash::hasher (line 24) ... ok
test src\filters\tree.rs - filters::tree (line 31) ... ok
test src\filters\tree.rs - filters::tree::TreeBloomFilter<T,H>::depth (line 524) ... ok
test src\hash\hasher.rs - hash::hasher (line 39) ... ok
test src\hash\hasher.rs - hash::hasher::BloomHasher::hash_bytes_pair (line 192) ... ok
test src\hash\hasher.rs - hash::hasher::BloomHasher::hash_bytes_triple (line 220) ... ok
test src\hash\hasher.rs - hash::hasher::BloomHasher::hash_bytes_with_seed (line 156) ... ok
test src\hash\hasher.rs - hash::hasher::BloomHasher (line 86) ... ok
test src\hash\hasher.rs - hash::hasher::BloomHasher::hash_bytes (line 119) ... ok
test src\hash\hasher.rs - hash::hasher::StdHasher::new (line 324) ... ok
test src\hash\hasher.rs - hash::hasher::DeterministicHasher (line 275) ... ok
test src\hash\hasher.rs - hash::hasher::StdHasher::with_seed (line 347) ... ok
test src\hash\mod.rs - hash::HashStrategy (line 164) ... ok
test src\filters\scalable.rs - filters::scalable::ScalableBloomFilter<T,H>::insert_checked (line 1193) ... ok
test src\lib.rs - (line 140) ... ignored
test src\hash\mod.rs - hash::bench (line 404) ... ok
test src\hash\mod.rs - hash::bench::benchmark_hasher (line 465) ... ok
test src\hash\mod.rs - hash::hasher_with_seed (line 369) ... ok
test src\hash\mod.rs - hash::recommended_hasher (line 278) ... ok
test src\hash\mod.rs - hash::prelude (line 243) ... ok
test src\hash\mod.rs - hash::bench::compare_hashers (line 508) ... ok
test src\hash\strategies.rs - hash::strategies::DoubleHashing (line 127) ... ok
test src\hash\mod.rs - hash::simd_hasher (line 340) ... ok
test src\hash\strategies.rs - hash::strategies::EnhancedDoubleHashing (line 179) ... ok
test src\lib.rs - core (line 260) ... ignored
test src\lib.rs - core (line 271) ... ignored
test src\lib.rs - core (line 292) ... ignored
test src\lib.rs - core (line 313) ... ignored
test src\hash\strategies.rs - hash::strategies::HashStrategy (line 71) ... ok
test src\hash\strategies.rs - hash::strategies::TripleHashing (line 245) ... ok
test src\lib.rs - (line 16) ... ok
test src\lib.rs - (line 163) ... ok
test src\lib.rs - (line 40) ... ok
test src\lib.rs - (line 58) ... ok
test src\lib.rs - filters (line 296) ... ignored
test src\lib.rs - (line 76) ... ok
test src\lib.rs - (line 92) ... ok
test src\lib.rs - filters (line 358) ... ignored
test src\lib.rs - builder (line 256) ... ok
test src\lib.rs - builder (line 270) ... ok
test src\lib.rs - builder (line 284) ... ok
test src\lib.rs - core (line 330) ... ok
test src\lib.rs - core (line 343) ... ok
test src\lib.rs - error (line 218) ... ok
test src\lib.rs - filters (line 258) ... ok
test src\lib.rs - filters (line 268) ... ok
test src\lib.rs - filters (line 323) ... ok
test src\lib.rs - filters (line 281) ... ok
test src\lib.rs - filters (line 341) ... ok
test src\lib.rs - filters (line 386) ... ok
test src\lib.rs - hash (line 236) ... ok
test src\lib.rs - hash (line 276) ... ok
test src\lib.rs - hash (line 293) ... ok
test src\lib.rs - hash (line 305) ... ok
test src\lib.rs - prelude (line 296) ... ok
test src\lib.rs - sync (line 325) ... ok
test src\lib.rs - sync (line 338) ... ok
test src\lib.rs - sync (line 300) ... ok
test src\sync\atomic_counter.rs - sync::atomic_counter::AtomicCounterArray (line 244) ... ok
test src\sync\atomic_counter.rs - sync::atomic_counter::AtomicCounterArray::clear (line 564) ... ok
test src\sync\atomic_counter.rs - sync::atomic_counter::AtomicCounterArray::decrement_saturating (line 495) ... ok
test src\sync\atomic_counter.rs - sync::atomic_counter::AtomicCounterArray::get (line 350) ... ok
test src\sync\atomic_counter.rs - sync::atomic_counter::AtomicCounterArray::decrement (line 469) ... ok
test src\sync\atomic_counter.rs - sync::atomic_counter::AtomicCounterArray::increment (line 399) ... ok
test src\sync\atomic_counter.rs - sync::atomic_counter::AtomicCounterArray::max (line 619) ... ok
test src\sync\atomic_counter.rs - sync::atomic_counter::AtomicCounterArray::increment_saturating (line 425) ... ok
test src\sync\atomic_counter.rs - sync::atomic_counter::AtomicCounterArray::min (line 601) ... ok
test src\sync\atomic_counter.rs - sync::atomic_counter::AtomicCounterArray::new (line 281) ... ok
test src\sync\atomic_counter.rs - sync::atomic_counter::AtomicCounterArray::sum (line 584) ... ok
test src\sync\atomic_counter.rs - sync::atomic_counter::AtomicCounterArray::with_value (line 308) ... ok
test src\sync\atomic_counter.rs - sync::atomic_counter::AtomicCounterArray::set (line 371) ... ok
test src\sync\atomic_counter.rs - sync::atomic_counter::CacheLinePadded (line 64) ... ok
test src\sync\atomic_counter.rs - sync::atomic_counter::CacheLinePadded<T>::new (line 95) ... ok
test src\sync\sharded.rs - sync::sharded (line 58) ... ok
test src\sync\sharded.rs - sync::sharded (line 71) ... ok
test src\sync\sharded.rs - sync::sharded::ShardedBloomFilter<T,H>::from_shard_bits (line 479) ... ok
test src\sync\sharded.rs - sync::sharded (line 80) ... ok
test src\sync\sharded.rs - sync::sharded::ShardedBloomFilter<T,H>::new (line 241) ... ok
test src\sync\sharded.rs - sync::sharded::ShardedBloomFilter<T,H>::shard_raw_bits (line 432) ... ok
test src\sync\sharded.rs - sync::sharded::ShardedBloomFilter<T,H>::with_shard_count (line 266) ... ok
test src\sync\striped.rs - sync::striped::StripedBloomFilter<T,H>::new (line 165) ... ok
test src\sync\striped.rs - sync::striped::StripedBloomFilter<T,H>::with_stripe_count (line 189) ... ok
test src\util\atomic.rs - util::atomic::AtomicCounter (line 46) ... ok
test src\util\atomic.rs - util::atomic::AtomicCounter::add (line 231) ... ok
test src\util\atomic.rs - util::atomic::AtomicCounter::fetch_add (line 210) ... ok
test src\util\atomic.rs - util::atomic::AtomicCounter::compare_exchange (line 304) ... ok
test src\util\atomic.rs - util::atomic::AtomicCounter::fetch_increment (line 169) ... ok
test src\util\atomic.rs - util::atomic::AtomicCounter::fetch_sub (line 255) ... ok
test src\util\atomic.rs - util::atomic::AtomicCounter::get (line 101) ... ok
test src\util\atomic.rs - util::atomic::AtomicCounter::increment (line 186) ... ok
test src\util\atomic.rs - util::atomic::AtomicCounter::new (line 75) ... ok
test src\util\atomic.rs - util::atomic::AtomicCounter::reset (line 329) ... ok
test src\util\atomic.rs - util::atomic::AtomicCounter::set (line 136) ... ok
test src\util\atomic.rs - util::atomic::AtomicCounter::sub (line 276) ... ok
test src\util\bitops.rs - util::bitops::bit_mask (line 357) ... ok
test src\util\bitops.rs - util::bitops::all_zeros_in_range (line 452) ... ok
test src\util\bitops.rs - util::bitops::bit_offset (line 330) ... ok
test src\util\bitops.rs - util::bitops::bits_to_bytes (line 276) ... ok
test src\util\bitops.rs - util::bitops::bits_to_words (line 248) ... ok
test src\util\bitops.rs - util::bitops::count_ones (line 40) ... ok
test src\util\bitops.rs - util::bitops::count_ones_slice (line 385) ... ok
test src\util\bitops.rs - util::bitops::count_zeros (line 66) ... ok
test src\util\bitops.rs - util::bitops::hamming_distance (line 420) ... ok
test src\util\bitops.rs - util::bitops::is_power_of_two (line 93) ... ok
test src\util\bitops.rs - util::bitops::leading_zeros (line 495) ... ok
test src\util\bitops.rs - util::bitops::next_power_of_two (line 130) ... ok
test src\util\bitops.rs - util::bitops::prev_power_of_two (line 172) ... ok
test src\util\bitops.rs - util::bitops::reverse_bits (line 547) ... ok
test src\util\bitops.rs - util::bitops::rotate_left (line 572) ... ok
test src\util\bitops.rs - util::bitops::rotate_right (line 597) ... ok
test src\util\bitops.rs - util::bitops::round_up_to_multiple (line 216) ... ok
test src\util\bitops.rs - util::bitops::trailing_zeros (line 521) ... ok
test src\util\bitops.rs - util::bitops::word_index (line 303) ... ok

failures:

---- src\filters\tree.rs - filters::tree (line 44) stdout ----
error: expected item, found keyword `let`
 --> src\filters\tree.rs:46:1
  |
2 | let mut cache_tracker: TreeBloomFilter<String> =
  | ^^^ `let` cannot be used for global variables
  |
  = help: consider using `static` and a `Mutex` instead of `let mut`
  = note: for a full list of items that can appear in modules, see <https://doc.rust-lang.org/reference/items.html>

error: aborting due to 1 previous error

Couldn't compile the test.

failures:
    src\filters\tree.rs - filters::tree (line 44)

test result: FAILED. 261 passed; 1 failed; 41 ignored; 0 measured; 0 filtered out; finished in 23.72s

error: doctest failed, to 
rerun pass `--doc`
